// Jest Snapshot v1, https://goo.gl/fbAQLP

exports[`Note Functionality Test Notes component renders successfully 1`] = `
<div>
  <div
    style="display: flex; flex-direction: column;"
  >
    <div
      style="display: flex; align-items: space-between;"
    >
      <input
        data-testid="input-annotation"
        placeholder="Add new note here"
        type="text"
        value=""
      />
      <div
        data-testid="add-note-button"
      >
        <svg
          height="24"
          viewBox="0 0 24 24"
          width="24"
        >
          <path
            d="M14 2H6c-1.1 0-1.99.9-1.99 2L4 20c0 1.1.89 2 1.99 2H18c1.1 0 2-.9 2-2V8l-6-6zm2 14h-3v3h-2v-3H8v-2h3v-3h2v3h3v2zm-3-7V3.5L18.5 9H13z"
          />
        </svg>
      </div>
    </div>
    <span
      data-testid="note-0"
    >
      First note
    </span>
  </div>
</div>
`;
